Component: ARM Compiler 5.06 update 6 (build 750) Tool: armlink [4d35ed]

==============================================================================

Section Cross References

    main.o(i.main) refers to stm32f4xx_rcc.o(i.RCC_AHB1PeriphClockCmd) for RCC_AHB1PeriphClockCmd
    main.o(i.main) refers to stm32f4xx_gpio.o(i.GPIO_Init) for GPIO_Init
    main.o(i.main) refers to main.o(.data) for .data
    system_stm32f4xx.o(i.SystemCoreClockUpdate) refers to system_stm32f4xx.o(.data) for .data
    system_stm32f4xx.o(i.SystemInit) refers to system_stm32f4xx.o(i.SetSysClock) for SetSysClock
    stm32f4xx_gpio.o(i.GPIO_DeInit) refers to stm32f4xx_rcc.o(i.RCC_AHB1PeriphResetCmd) for RCC_AHB1PeriphResetCmd
    stm32f4xx_rcc.o(i.RCC_GetClocksFreq) refers to stm32f4xx_rcc.o(.data) for .data
    stm32f4xx_rcc.o(i.RCC_WaitForHSEStartUp) refers to stm32f4xx_rcc.o(i.RCC_GetFlagStatus) for RCC_GetFlagStatus
    startup_stm32f40_41xxx.o(RESET) refers to startup_stm32f40_41xxx.o(STACK) for __initial_sp
    startup_stm32f40_41xxx.o(RESET) refers to startup_stm32f40_41xxx.o(.text) for Reset_Handler
    startup_stm32f40_41xxx.o(RESET) refers to stm32f4xx_it.o(i.NMI_Handler) for NMI_Handler
    startup_stm32f40_41xxx.o(RESET) refers to stm32f4xx_it.o(i.HardFault_Handler) for HardFault_Handler
    startup_stm32f40_41xxx.o(RESET) refers to stm32f4xx_it.o(i.MemManage_Handler) for MemManage_Handler
    startup_stm32f40_41xxx.o(RESET) refers to stm32f4xx_it.o(i.BusFault_Handler) for BusFault_Handler
    startup_stm32f40_41xxx.o(RESET) refers to stm32f4xx_it.o(i.UsageFault_Handler) for UsageFault_Handler
    startup_stm32f40_41xxx.o(RESET) refers to stm32f4xx_it.o(i.SVC_Handler) for SVC_Handler
    startup_stm32f40_41xxx.o(RESET) refers to stm32f4xx_it.o(i.DebugMon_Handler) for DebugMon_Handler
    startup_stm32f40_41xxx.o(RESET) refers to stm32f4xx_it.o(i.PendSV_Handler) for PendSV_Handler
    startup_stm32f40_41xxx.o(RESET) refers to stm32f4xx_it.o(i.SysTick_Handler) for SysTick_Handler
    startup_stm32f40_41xxx.o(.text) refers to system_stm32f4xx.o(i.SystemInit) for SystemInit
    startup_stm32f40_41xxx.o(.text) refers to entry.o(.ARM.Collect$$$$00000000) for __main
    tm_stm32f4_pcd8544.o(i.PCD8544_Clear) refers to tm_stm32f4_pcd8544.o(i.PCD8544_Home) for PCD8544_Home
    tm_stm32f4_pcd8544.o(i.PCD8544_Clear) refers to tm_stm32f4_pcd8544.o(i.PCD8544_GotoXY) for PCD8544_GotoXY
    tm_stm32f4_pcd8544.o(i.PCD8544_Clear) refers to tm_stm32f4_pcd8544.o(i.PCD8544_UpdateArea) for PCD8544_UpdateArea
    tm_stm32f4_pcd8544.o(i.PCD8544_Clear) refers to tm_stm32f4_pcd8544.o(i.PCD8544_Refresh) for PCD8544_Refresh
    tm_stm32f4_pcd8544.o(i.PCD8544_Clear) refers to tm_stm32f4_pcd8544.o(.bss) for .bss
    tm_stm32f4_pcd8544.o(i.PCD8544_DrawCircle) refers to tm_stm32f4_pcd8544.o(i.PCD8544_DrawPixel) for PCD8544_DrawPixel
    tm_stm32f4_pcd8544.o(i.PCD8544_DrawFilledCircle) refers to tm_stm32f4_pcd8544.o(i.PCD8544_DrawPixel) for PCD8544_DrawPixel
    tm_stm32f4_pcd8544.o(i.PCD8544_DrawFilledCircle) refers to tm_stm32f4_pcd8544.o(i.PCD8544_DrawLine) for PCD8544_DrawLine
    tm_stm32f4_pcd8544.o(i.PCD8544_DrawFilledRectangle) refers to tm_stm32f4_pcd8544.o(i.PCD8544_DrawLine) for PCD8544_DrawLine
    tm_stm32f4_pcd8544.o(i.PCD8544_DrawLine) refers to tm_stm32f4_pcd8544.o(i.PCD8544_DrawPixel) for PCD8544_DrawPixel
    tm_stm32f4_pcd8544.o(i.PCD8544_DrawPixel) refers to tm_stm32f4_pcd8544.o(i.PCD8544_UpdateArea) for PCD8544_UpdateArea
    tm_stm32f4_pcd8544.o(i.PCD8544_DrawPixel) refers to tm_stm32f4_pcd8544.o(.bss) for .bss
    tm_stm32f4_pcd8544.o(i.PCD8544_DrawRectangle) refers to tm_stm32f4_pcd8544.o(i.PCD8544_DrawLine) for PCD8544_DrawLine
    tm_stm32f4_pcd8544.o(i.PCD8544_GotoXY) refers to tm_stm32f4_pcd8544.o(.data) for .data
    tm_stm32f4_pcd8544.o(i.PCD8544_Home) refers to tm_stm32f4_pcd8544.o(i.PCD8544_Write) for PCD8544_Write
    tm_stm32f4_pcd8544.o(i.PCD8544_Init) refers to tm_stm32f4_pcd8544.o(i.PCD8544_InitIO) for PCD8544_InitIO
    tm_stm32f4_pcd8544.o(i.PCD8544_Init) refers to tm_stm32f4_pcd8544.o(i.PCD8544_Pin) for PCD8544_Pin
    tm_stm32f4_pcd8544.o(i.PCD8544_Init) refers to tm_stm32f4_pcd8544.o(i.PCD8544_Delay) for PCD8544_Delay
    tm_stm32f4_pcd8544.o(i.PCD8544_Init) refers to tm_stm32f4_pcd8544.o(i.PCD8544_Write) for PCD8544_Write
    tm_stm32f4_pcd8544.o(i.PCD8544_Init) refers to tm_stm32f4_pcd8544.o(i.PCD8544_Home) for PCD8544_Home
    tm_stm32f4_pcd8544.o(i.PCD8544_Init) refers to tm_stm32f4_pcd8544.o(i.PCD8544_Clear) for PCD8544_Clear
    tm_stm32f4_pcd8544.o(i.PCD8544_InitIO) refers to stm32f4xx_rcc.o(i.RCC_AHB1PeriphClockCmd) for RCC_AHB1PeriphClockCmd
    tm_stm32f4_pcd8544.o(i.PCD8544_InitIO) refers to stm32f4xx_gpio.o(i.GPIO_Init) for GPIO_Init
    tm_stm32f4_pcd8544.o(i.PCD8544_InitIO) refers to stm32f4xx_gpio.o(i.GPIO_SetBits) for GPIO_SetBits
    tm_stm32f4_pcd8544.o(i.PCD8544_Invert) refers to tm_stm32f4_pcd8544.o(i.PCD8544_Write) for PCD8544_Write
    tm_stm32f4_pcd8544.o(i.PCD8544_Pin) refers to stm32f4xx_gpio.o(i.GPIO_SetBits) for GPIO_SetBits
    tm_stm32f4_pcd8544.o(i.PCD8544_Pin) refers to stm32f4xx_gpio.o(i.GPIO_ResetBits) for GPIO_ResetBits
    tm_stm32f4_pcd8544.o(i.PCD8544_Putc) refers to tm_stm32f4_pcd8544.o(i.PCD8544_DrawPixel) for PCD8544_DrawPixel
    tm_stm32f4_pcd8544.o(i.PCD8544_Putc) refers to tm_stm32f4_pcd8544.o(.data) for .data
    tm_stm32f4_pcd8544.o(i.PCD8544_Putc) refers to tm_stm32f4_pcd8544.o(.constdata) for .constdata
    tm_stm32f4_pcd8544.o(i.PCD8544_Puts) refers to tm_stm32f4_pcd8544.o(i.PCD8544_Putc) for PCD8544_Putc
    tm_stm32f4_pcd8544.o(i.PCD8544_Refresh) refers to tm_stm32f4_pcd8544.o(i.PCD8544_Write) for PCD8544_Write
    tm_stm32f4_pcd8544.o(i.PCD8544_Refresh) refers to tm_stm32f4_pcd8544.o(.data) for .data
    tm_stm32f4_pcd8544.o(i.PCD8544_Refresh) refers to tm_stm32f4_pcd8544.o(.bss) for .bss
    tm_stm32f4_pcd8544.o(i.PCD8544_SetContrast) refers to tm_stm32f4_pcd8544.o(i.PCD8544_Write) for PCD8544_Write
    tm_stm32f4_pcd8544.o(i.PCD8544_UpdateArea) refers to tm_stm32f4_pcd8544.o(.data) for .data
    tm_stm32f4_pcd8544.o(i.PCD8544_Write) refers to tm_stm32f4_pcd8544.o(i.PCD8544_Pin) for PCD8544_Pin
    tm_stm32f4_pcd8544.o(i.PCD8544_Write) refers to tm_stm32f4_pcd8544.o(i.PCD8544_send) for PCD8544_send
    tm_stm32f4_pcd8544.o(i.PCD8544_send) refers to stm32f4xx_gpio.o(i.GPIO_ResetBits) for GPIO_ResetBits
    tm_stm32f4_pcd8544.o(i.PCD8544_send) refers to stm32f4xx_gpio.o(i.GPIO_SetBits) for GPIO_SetBits
    diskio.o(i.TM_FATFS_AddDriver) refers to diskio.o(.data) for .data
    diskio.o(i.disk_initialize) refers to diskio.o(.data) for .data
    diskio.o(i.disk_ioctl) refers to diskio.o(.data) for .data
    diskio.o(i.disk_read) refers to diskio.o(.data) for .data
    diskio.o(i.disk_status) refers to diskio.o(.data) for .data
    diskio.o(i.disk_write) refers to diskio.o(.data) for .data
    diskio.o(.data) refers to diskio.o(i.TM_FATFS_SD_SDIO_disk_initialize) for TM_FATFS_SD_SDIO_disk_initialize
    diskio.o(.data) refers to diskio.o(i.TM_FATFS_SD_SDIO_disk_status) for TM_FATFS_SD_SDIO_disk_status
    diskio.o(.data) refers to diskio.o(i.TM_FATFS_SD_SDIO_disk_ioctl) for TM_FATFS_SD_SDIO_disk_ioctl
    diskio.o(.data) refers to diskio.o(i.TM_FATFS_SD_SDIO_disk_write) for TM_FATFS_SD_SDIO_disk_write
    diskio.o(.data) refers to diskio.o(i.TM_FATFS_SD_SDIO_disk_read) for TM_FATFS_SD_SDIO_disk_read
    diskio.o(.data) refers to diskio.o(i.TM_FATFS_USB_disk_initialize) for TM_FATFS_USB_disk_initialize
    diskio.o(.data) refers to diskio.o(i.TM_FATFS_USB_disk_status) for TM_FATFS_USB_disk_status
    diskio.o(.data) refers to diskio.o(i.TM_FATFS_USB_disk_ioctl) for TM_FATFS_USB_disk_ioctl
    diskio.o(.data) refers to diskio.o(i.TM_FATFS_USB_disk_write) for TM_FATFS_USB_disk_write
    diskio.o(.data) refers to diskio.o(i.TM_FATFS_USB_disk_read) for TM_FATFS_USB_disk_read
    diskio.o(.data) refers to diskio.o(i.TM_FATFS_SDRAM_disk_initialize) for TM_FATFS_SDRAM_disk_initialize
    diskio.o(.data) refers to diskio.o(i.TM_FATFS_SDRAM_disk_status) for TM_FATFS_SDRAM_disk_status
    diskio.o(.data) refers to diskio.o(i.TM_FATFS_SDRAM_disk_ioctl) for TM_FATFS_SDRAM_disk_ioctl
    diskio.o(.data) refers to diskio.o(i.TM_FATFS_SDRAM_disk_write) for TM_FATFS_SDRAM_disk_write
    diskio.o(.data) refers to diskio.o(i.TM_FATFS_SDRAM_disk_read) for TM_FATFS_SDRAM_disk_read
    diskio.o(.data) refers to diskio.o(i.TM_FATFS_SPI_FLASH_disk_initialize) for TM_FATFS_SPI_FLASH_disk_initialize
    diskio.o(.data) refers to diskio.o(i.TM_FATFS_SPI_FLASH_disk_status) for TM_FATFS_SPI_FLASH_disk_status
    diskio.o(.data) refers to diskio.o(i.TM_FATFS_SPI_FLASH_disk_ioctl) for TM_FATFS_SPI_FLASH_disk_ioctl
    diskio.o(.data) refers to diskio.o(i.TM_FATFS_SPI_FLASH_disk_write) for TM_FATFS_SPI_FLASH_disk_write
    diskio.o(.data) refers to diskio.o(i.TM_FATFS_SPI_FLASH_disk_read) for TM_FATFS_SPI_FLASH_disk_read
    ff.o(i.check_fs) refers to ff.o(i.move_window) for move_window
    ff.o(i.chk_lock) refers to ff.o(.bss) for .bss
    ff.o(i.clear_lock) refers to ff.o(.bss) for .bss
    ff.o(i.cmp_lfn) refers to ff.o(.constdata) for .constdata
    ff.o(i.create_chain) refers to ff.o(i.get_fat) for get_fat
    ff.o(i.create_chain) refers to ff.o(i.put_fat) for put_fat
    ff.o(i.create_name) refers to ff.o(i.chk_chr) for chk_chr
    ff.o(i.create_name) refers to ff.o(i.mem_set) for mem_set
    ff.o(i.create_name) refers to ff.o(.constdata) for .constdata
    ff.o(i.dec_lock) refers to ff.o(.bss) for .bss
    ff.o(i.dir_alloc) refers to ff.o(i.dir_sdi) for dir_sdi
    ff.o(i.dir_alloc) refers to ff.o(i.move_window) for move_window
    ff.o(i.dir_alloc) refers to ff.o(i.dir_next) for dir_next
    ff.o(i.dir_find) refers to ff.o(i.dir_sdi) for dir_sdi
    ff.o(i.dir_find) refers to ff.o(i.move_window) for move_window
    ff.o(i.dir_find) refers to ff.o(i.cmp_lfn) for cmp_lfn
    ff.o(i.dir_find) refers to ff.o(i.sum_sfn) for sum_sfn
    ff.o(i.dir_find) refers to ff.o(i.dir_next) for dir_next
    ff.o(i.dir_next) refers to ff.o(i.get_fat) for get_fat
    ff.o(i.dir_next) refers to ff.o(i.create_chain) for create_chain
    ff.o(i.dir_next) refers to ff.o(i.sync_window) for sync_window
    ff.o(i.dir_next) refers to ff.o(i.mem_set) for mem_set
    ff.o(i.dir_next) refers to ff.o(i.clust2sect) for clust2sect
    ff.o(i.dir_read) refers to ff.o(i.move_window) for move_window
    ff.o(i.dir_read) refers to ff.o(i.dir_next) for dir_next
    ff.o(i.dir_read) refers to ff.o(i.sum_sfn) for sum_sfn
    ff.o(i.dir_read) refers to ff.o(.constdata) for .constdata
    ff.o(i.dir_register) refers to ff.o(i.mem_cpy) for mem_cpy
    ff.o(i.dir_register) refers to ff.o(i.gen_numname) for gen_numname
    ff.o(i.dir_register) refers to ff.o(i.dir_find) for dir_find
    ff.o(i.dir_register) refers to ff.o(i.dir_alloc) for dir_alloc
    ff.o(i.dir_register) refers to ff.o(i.dir_sdi) for dir_sdi
    ff.o(i.dir_register) refers to ff.o(i.sum_sfn) for sum_sfn
    ff.o(i.dir_register) refers to ff.o(i.move_window) for move_window
    ff.o(i.dir_register) refers to ff.o(i.dir_next) for dir_next
    ff.o(i.dir_register) refers to ff.o(i.mem_set) for mem_set
    ff.o(i.dir_register) refers to ff.o(.constdata) for .constdata
    ff.o(i.dir_remove) refers to ff.o(i.dir_sdi) for dir_sdi
    ff.o(i.dir_remove) refers to ff.o(i.move_window) for move_window
    ff.o(i.dir_remove) refers to ff.o(i.mem_set) for mem_set
    ff.o(i.dir_remove) refers to ff.o(i.dir_next) for dir_next
    ff.o(i.dir_sdi) refers to ff.o(i.get_fat) for get_fat
    ff.o(i.dir_sdi) refers to ff.o(i.clust2sect) for clust2sect
    ff.o(i.f_chdir) refers to ff.o(i.find_volume) for find_volume
    ff.o(i.f_chdir) refers to ff.o(i.follow_path) for follow_path
    ff.o(i.f_chdir) refers to ff.o(i.ld_clust) for ld_clust
    ff.o(i.f_chdrive) refers to ff.o(i.get_ldnumber) for get_ldnumber
    ff.o(i.f_chdrive) refers to ff.o(.data) for .data
    ff.o(i.f_chmod) refers to ff.o(i.find_volume) for find_volume
    ff.o(i.f_chmod) refers to ff.o(i.follow_path) for follow_path
    ff.o(i.f_chmod) refers to ff.o(i.sync_fs) for sync_fs
    ff.o(i.f_close) refers to ff.o(i.f_sync) for f_sync
    ff.o(i.f_close) refers to ff.o(i.validate) for validate
    ff.o(i.f_close) refers to ff.o(i.dec_lock) for dec_lock
    ff.o(i.f_closedir) refers to ff.o(i.validate) for validate
    ff.o(i.f_closedir) refers to ff.o(i.dec_lock) for dec_lock
    ff.o(i.f_findfirst) refers to ff.o(i.f_opendir) for f_opendir
    ff.o(i.f_findfirst) refers to ff.o(i.f_findnext) for f_findnext
    ff.o(i.f_findnext) refers to ff.o(i.f_readdir) for f_readdir
    ff.o(i.f_findnext) refers to ff.o(i.pattern_matching) for pattern_matching
    ff.o(i.f_getcwd) refers to ff.o(i.find_volume) for find_volume
    ff.o(i.f_getcwd) refers to ff.o(i.dir_sdi) for dir_sdi
    ff.o(i.f_getcwd) refers to ff.o(i.dir_read) for dir_read
    ff.o(i.f_getcwd) refers to ff.o(i.ld_clust) for ld_clust
    ff.o(i.f_getcwd) refers to ff.o(i.dir_next) for dir_next
    ff.o(i.f_getcwd) refers to ff.o(i.get_fileinfo) for get_fileinfo
    ff.o(i.f_getcwd) refers to ff.o(.data) for .data
    ff.o(i.f_getfree) refers to ff.o(i.find_volume) for find_volume
    ff.o(i.f_getfree) refers to ff.o(i.get_fat) for get_fat
    ff.o(i.f_getfree) refers to ff.o(i.move_window) for move_window
    ff.o(i.f_getlabel) refers to ff.o(i.find_volume) for find_volume
    ff.o(i.f_getlabel) refers to ff.o(i.dir_sdi) for dir_sdi
    ff.o(i.f_getlabel) refers to ff.o(i.dir_read) for dir_read
    ff.o(i.f_getlabel) refers to ff.o(i.mem_cpy) for mem_cpy
    ff.o(i.f_getlabel) refers to ff.o(i.move_window) for move_window
    ff.o(i.f_gets) refers to ff.o(i.f_read) for f_read
    ff.o(i.f_lseek) refers to ff.o(i.validate) for validate
    ff.o(i.f_lseek) refers to ff.o(i.create_chain) for create_chain
    ff.o(i.f_lseek) refers to ff.o(i.get_fat) for get_fat
    ff.o(i.f_lseek) refers to ff.o(i.clust2sect) for clust2sect
    ff.o(i.f_lseek) refers to diskio.o(i.disk_write) for disk_write
    ff.o(i.f_lseek) refers to diskio.o(i.disk_read) for disk_read
    ff.o(i.f_mkdir) refers to diskio.o(i.get_fattime) for get_fattime
    ff.o(i.f_mkdir) refers to ff.o(i.find_volume) for find_volume
    ff.o(i.f_mkdir) refers to ff.o(i.follow_path) for follow_path
    ff.o(i.f_mkdir) refers to ff.o(i.create_chain) for create_chain
    ff.o(i.f_mkdir) refers to ff.o(i.sync_window) for sync_window
    ff.o(i.f_mkdir) refers to ff.o(i.clust2sect) for clust2sect
    ff.o(i.f_mkdir) refers to ff.o(i.mem_set) for mem_set
    ff.o(i.f_mkdir) refers to ff.o(i.st_clust) for st_clust
    ff.o(i.f_mkdir) refers to ff.o(i.mem_cpy) for mem_cpy
    ff.o(i.f_mkdir) refers to ff.o(i.dir_register) for dir_register
    ff.o(i.f_mkdir) refers to ff.o(i.remove_chain) for remove_chain
    ff.o(i.f_mkdir) refers to ff.o(i.sync_fs) for sync_fs
    ff.o(i.f_mkfs) refers to ff.o(i.get_ldnumber) for get_ldnumber
    ff.o(i.f_mkfs) refers to diskio.o(i.disk_initialize) for disk_initialize
    ff.o(i.f_mkfs) refers to diskio.o(i.disk_ioctl) for disk_ioctl
    ff.o(i.f_mkfs) refers to ff.o(i.mem_set) for mem_set
    ff.o(i.f_mkfs) refers to diskio.o(i.disk_write) for disk_write
    ff.o(i.f_mkfs) refers to ff.o(i.mem_cpy) for mem_cpy
    ff.o(i.f_mkfs) refers to diskio.o(i.get_fattime) for get_fattime
    ff.o(i.f_mkfs) refers to ff.o(.bss) for .bss
    ff.o(i.f_mkfs) refers to ff.o(.constdata) for .constdata
    ff.o(i.f_mount) refers to ff.o(i.get_ldnumber) for get_ldnumber
    ff.o(i.f_mount) refers to ff.o(i.clear_lock) for clear_lock
    ff.o(i.f_mount) refers to ff.o(i.find_volume) for find_volume
    ff.o(i.f_mount) refers to ff.o(.bss) for .bss
    ff.o(i.f_open) refers to ff.o(i.find_volume) for find_volume
    ff.o(i.f_open) refers to ff.o(i.follow_path) for follow_path
    ff.o(i.f_open) refers to ff.o(i.chk_lock) for chk_lock
    ff.o(i.f_open) refers to ff.o(i.dir_register) for dir_register
    ff.o(i.f_open) refers to diskio.o(i.get_fattime) for get_fattime
    ff.o(i.f_open) refers to ff.o(i.ld_clust) for ld_clust
    ff.o(i.f_open) refers to ff.o(i.st_clust) for st_clust
    ff.o(i.f_open) refers to ff.o(i.remove_chain) for remove_chain
    ff.o(i.f_open) refers to ff.o(i.move_window) for move_window
    ff.o(i.f_open) refers to ff.o(i.inc_lock) for inc_lock
    ff.o(i.f_open) refers to ff.o(.bss) for .bss
    ff.o(i.f_opendir) refers to ff.o(i.find_volume) for find_volume
    ff.o(i.f_opendir) refers to ff.o(i.follow_path) for follow_path
    ff.o(i.f_opendir) refers to ff.o(i.ld_clust) for ld_clust
    ff.o(i.f_opendir) refers to ff.o(i.dir_sdi) for dir_sdi
    ff.o(i.f_opendir) refers to ff.o(i.inc_lock) for inc_lock
    ff.o(i.f_printf) refers to ff.o(i.putc_bfd) for putc_bfd
    ff.o(i.f_printf) refers to ff.o(i.f_write) for f_write
    ff.o(i.f_putc) refers to ff.o(i.putc_bfd) for putc_bfd
    ff.o(i.f_putc) refers to ff.o(i.f_write) for f_write
    ff.o(i.f_puts) refers to ff.o(i.putc_bfd) for putc_bfd
    ff.o(i.f_puts) refers to ff.o(i.f_write) for f_write
    ff.o(i.f_read) refers to ff.o(i.validate) for validate
    ff.o(i.f_read) refers to ff.o(i.get_fat) for get_fat
    ff.o(i.f_read) refers to ff.o(i.clust2sect) for clust2sect
    ff.o(i.f_read) refers to diskio.o(i.disk_read) for disk_read
    ff.o(i.f_read) refers to ff.o(i.mem_cpy) for mem_cpy
    ff.o(i.f_read) refers to diskio.o(i.disk_write) for disk_write
    ff.o(i.f_readdir) refers to ff.o(i.validate) for validate
    ff.o(i.f_readdir) refers to ff.o(i.dir_read) for dir_read
    ff.o(i.f_readdir) refers to ff.o(i.dir_sdi) for dir_sdi
    ff.o(i.f_readdir) refers to ff.o(i.get_fileinfo) for get_fileinfo
    ff.o(i.f_readdir) refers to ff.o(i.dir_next) for dir_next
    ff.o(i.f_rename) refers to ff.o(i.find_volume) for find_volume
    ff.o(i.f_rename) refers to ff.o(i.follow_path) for follow_path
    ff.o(i.f_rename) refers to ff.o(i.chk_lock) for chk_lock
    ff.o(i.f_rename) refers to ff.o(i.mem_cpy) for mem_cpy
    ff.o(i.f_rename) refers to ff.o(i.get_ldnumber) for get_ldnumber
    ff.o(i.f_rename) refers to ff.o(i.dir_register) for dir_register
    ff.o(i.f_rename) refers to ff.o(i.ld_clust) for ld_clust
    ff.o(i.f_rename) refers to ff.o(i.clust2sect) for clust2sect
    ff.o(i.f_rename) refers to ff.o(i.move_window) for move_window
    ff.o(i.f_rename) refers to ff.o(i.st_clust) for st_clust
    ff.o(i.f_rename) refers to ff.o(i.dir_remove) for dir_remove
    ff.o(i.f_rename) refers to ff.o(i.sync_fs) for sync_fs
    ff.o(i.f_setlabel) refers to ff.o(i.find_volume) for find_volume
    ff.o(i.f_setlabel) refers to ff.o(i.chk_chr) for chk_chr
    ff.o(i.f_setlabel) refers to ff.o(i.dir_sdi) for dir_sdi
    ff.o(i.f_setlabel) refers to ff.o(i.dir_read) for dir_read
    ff.o(i.f_setlabel) refers to ff.o(i.dir_alloc) for dir_alloc
    ff.o(i.f_setlabel) refers to ff.o(i.mem_set) for mem_set
    ff.o(i.f_setlabel) refers to ff.o(i.mem_cpy) for mem_cpy
    ff.o(i.f_setlabel) refers to diskio.o(i.get_fattime) for get_fattime
    ff.o(i.f_setlabel) refers to ff.o(i.sync_fs) for sync_fs
    ff.o(i.f_stat) refers to ff.o(i.find_volume) for find_volume
    ff.o(i.f_stat) refers to ff.o(i.follow_path) for follow_path
    ff.o(i.f_stat) refers to ff.o(i.get_fileinfo) for get_fileinfo
    ff.o(i.f_sync) refers to ff.o(i.validate) for validate
    ff.o(i.f_sync) refers to diskio.o(i.disk_write) for disk_write
    ff.o(i.f_sync) refers to ff.o(i.move_window) for move_window
    ff.o(i.f_sync) refers to ff.o(i.st_clust) for st_clust
    ff.o(i.f_sync) refers to diskio.o(i.get_fattime) for get_fattime
    ff.o(i.f_sync) refers to ff.o(i.sync_fs) for sync_fs
    ff.o(i.f_truncate) refers to ff.o(i.validate) for validate
    ff.o(i.f_truncate) refers to ff.o(i.get_fat) for get_fat
    ff.o(i.f_truncate) refers to ff.o(i.remove_chain) for remove_chain
    ff.o(i.f_truncate) refers to ff.o(i.put_fat) for put_fat
    ff.o(i.f_truncate) refers to diskio.o(i.disk_write) for disk_write
    ff.o(i.f_unlink) refers to ff.o(i.find_volume) for find_volume
    ff.o(i.f_unlink) refers to ff.o(i.follow_path) for follow_path
    ff.o(i.f_unlink) refers to ff.o(i.chk_lock) for chk_lock
    ff.o(i.f_unlink) refers to ff.o(i.ld_clust) for ld_clust
    ff.o(i.f_unlink) refers to ff.o(i.mem_cpy) for mem_cpy
    ff.o(i.f_unlink) refers to ff.o(i.dir_sdi) for dir_sdi
    ff.o(i.f_unlink) refers to ff.o(i.dir_read) for dir_read
    ff.o(i.f_unlink) refers to ff.o(i.dir_remove) for dir_remove
    ff.o(i.f_unlink) refers to ff.o(i.remove_chain) for remove_chain
    ff.o(i.f_unlink) refers to ff.o(i.sync_fs) for sync_fs
    ff.o(i.f_utime) refers to ff.o(i.find_volume) for find_volume
    ff.o(i.f_utime) refers to ff.o(i.follow_path) for follow_path
    ff.o(i.f_utime) refers to ff.o(i.sync_fs) for sync_fs
    ff.o(i.f_write) refers to ff.o(i.validate) for validate
    ff.o(i.f_write) refers to ff.o(i.create_chain) for create_chain
    ff.o(i.f_write) refers to diskio.o(i.disk_write) for disk_write
    ff.o(i.f_write) refers to ff.o(i.clust2sect) for clust2sect
    ff.o(i.f_write) refers to ff.o(i.mem_cpy) for mem_cpy
    ff.o(i.f_write) refers to diskio.o(i.disk_read) for disk_read
    ff.o(i.find_volume) refers to ff.o(i.get_ldnumber) for get_ldnumber
    ff.o(i.find_volume) refers to diskio.o(i.disk_status) for disk_status
    ff.o(i.find_volume) refers to diskio.o(i.disk_initialize) for disk_initialize
    ff.o(i.find_volume) refers to ff.o(i.check_fs) for check_fs
    ff.o(i.find_volume) refers to ff.o(i.move_window) for move_window
    ff.o(i.find_volume) refers to ff.o(i.clear_lock) for clear_lock
    ff.o(i.find_volume) refers to ff.o(.bss) for .bss
    ff.o(i.find_volume) refers to ff.o(.data) for .data
    ff.o(i.follow_path) refers to ff.o(i.dir_sdi) for dir_sdi
    ff.o(i.follow_path) refers to ff.o(i.create_name) for create_name
    ff.o(i.follow_path) refers to ff.o(i.dir_find) for dir_find
    ff.o(i.follow_path) refers to ff.o(i.ld_clust) for ld_clust
    ff.o(i.gen_numname) refers to ff.o(i.mem_cpy) for mem_cpy
    ff.o(i.get_achar) refers to ff.o(.constdata) for .constdata
    ff.o(i.get_fat) refers to ff.o(i.move_window) for move_window
    ff.o(i.get_ldnumber) refers to ff.o(.constdata) for .constdata
    ff.o(i.get_ldnumber) refers to ff.o(.data) for .data
    ff.o(i.inc_lock) refers to ff.o(.bss) for .bss
    ff.o(i.move_window) refers to ff.o(i.sync_window) for sync_window
    ff.o(i.move_window) refers to diskio.o(i.disk_read) for disk_read
    ff.o(i.pattern_matching) refers to ff.o(i.get_achar) for get_achar
    ff.o(i.put_fat) refers to ff.o(i.move_window) for move_window
    ff.o(i.putc_bfd) refers to ff.o(i.f_write) for f_write
    ff.o(i.remove_chain) refers to ff.o(i.get_fat) for get_fat
    ff.o(i.remove_chain) refers to ff.o(i.put_fat) for put_fat
    ff.o(i.sync_fs) refers to ff.o(i.sync_window) for sync_window
    ff.o(i.sync_fs) refers to ff.o(i.mem_set) for mem_set
    ff.o(i.sync_fs) refers to diskio.o(i.disk_write) for disk_write
    ff.o(i.sync_fs) refers to diskio.o(i.disk_ioctl) for disk_ioctl
    ff.o(i.sync_window) refers to diskio.o(i.disk_write) for disk_write
    ff.o(i.validate) refers to diskio.o(i.disk_status) for disk_status
    ff.o(.constdata) refers to ff.o(.conststring) for .conststring
    entry.o(.ARM.Collect$$$$00000000) refers (Special) to entry10a.o(.ARM.Collect$$$$0000000D) for __rt_final_cpp
    entry.o(.ARM.Collect$$$$00000000) refers (Special) to entry11a.o(.ARM.Collect$$$$0000000F) for __rt_final_exit
    entry.o(.ARM.Collect$$$$00000000) refers (Special) to entry7b.o(.ARM.Collect$$$$00000008) for _main_clock
    entry.o(.ARM.Collect$$$$00000000) refers (Special) to entry8b.o(.ARM.Collect$$$$0000000A) for _main_cpp_init
    entry.o(.ARM.Collect$$$$00000000) refers (Special) to entry9a.o(.ARM.Collect$$$$0000000B) for _main_init
    entry.o(.ARM.Collect$$$$00000000) refers (Special) to entry5.o(.ARM.Collect$$$$00000004) for _main_scatterload
    entry.o(.ARM.Collect$$$$00000000) refers (Special) to entry2.o(.ARM.Collect$$$$00000001) for _main_stk
    entry2.o(.ARM.Collect$$$$00000001) refers to entry2.o(.ARM.Collect$$$$00002712) for __lit__00000000
    entry2.o(.ARM.Collect$$$$00002712) refers to startup_stm32f40_41xxx.o(STACK) for __initial_sp
    entry2.o(__vectab_stack_and_reset_area) refers to startup_stm32f40_41xxx.o(STACK) for __initial_sp
    entry2.o(__vectab_stack_and_reset_area) refers to entry.o(.ARM.Collect$$$$00000000) for __main
    entry5.o(.ARM.Collect$$$$00000004) refers to init.o(.text) for __scatterload
    entry9a.o(.ARM.Collect$$$$0000000B) refers to main.o(i.main) for main
    entry9b.o(.ARM.Collect$$$$0000000C) refers to main.o(i.main) for main
    init.o(.text) refers to entry5.o(.ARM.Collect$$$$00000004) for __main_after_scatterload


==============================================================================

Removing Unused input sections from the image.

    Removing main.o(.rev16_text), (4 bytes).
    Removing main.o(.revsh_text), (4 bytes).
    Removing main.o(.rrx_text), (6 bytes).
    Removing stm32f4xx_it.o(.rev16_text), (4 bytes).
    Removing stm32f4xx_it.o(.revsh_text), (4 bytes).
    Removing stm32f4xx_it.o(.rrx_text), (6 bytes).
    Removing system_stm32f4xx.o(.rev16_text), (4 bytes).
    Removing system_stm32f4xx.o(.revsh_text), (4 bytes).
    Removing system_stm32f4xx.o(.rrx_text), (6 bytes).
    Removing system_stm32f4xx.o(i.SystemCoreClockUpdate), (120 bytes).
    Removing system_stm32f4xx.o(.data), (20 bytes).
    Removing stm32f4xx_gpio.o(.rev16_text), (4 bytes).
    Removing stm32f4xx_gpio.o(.revsh_text), (4 bytes).
    Removing stm32f4xx_gpio.o(.rrx_text), (6 bytes).
    Removing stm32f4xx_gpio.o(i.GPIO_DeInit), (260 bytes).
    Removing stm32f4xx_gpio.o(i.GPIO_PinAFConfig), (32 bytes).
    Removing stm32f4xx_gpio.o(i.GPIO_PinLockConfig), (24 bytes).
    Removing stm32f4xx_gpio.o(i.GPIO_ReadInputData), (6 bytes).
    Removing stm32f4xx_gpio.o(i.GPIO_ReadInputDataBit), (14 bytes).
    Removing stm32f4xx_gpio.o(i.GPIO_ReadOutputData), (6 bytes).
    Removing stm32f4xx_gpio.o(i.GPIO_ReadOutputDataBit), (14 bytes).
    Removing stm32f4xx_gpio.o(i.GPIO_ResetBits), (4 bytes).
    Removing stm32f4xx_gpio.o(i.GPIO_SetBits), (4 bytes).
    Removing stm32f4xx_gpio.o(i.GPIO_StructInit), (18 bytes).
    Removing stm32f4xx_gpio.o(i.GPIO_ToggleBits), (8 bytes).
    Removing stm32f4xx_gpio.o(i.GPIO_Write), (4 bytes).
    Removing stm32f4xx_gpio.o(i.GPIO_WriteBit), (10 bytes).
    Removing stm32f4xx_rcc.o(.rev16_text), (4 bytes).
    Removing stm32f4xx_rcc.o(.revsh_text), (4 bytes).
    Removing stm32f4xx_rcc.o(.rrx_text), (6 bytes).
    Removing stm32f4xx_rcc.o(i.RCC_AHB1PeriphClockLPModeCmd), (24 bytes).
    Removing stm32f4xx_rcc.o(i.RCC_AHB1PeriphResetCmd), (24 bytes).
    Removing stm32f4xx_rcc.o(i.RCC_AHB2PeriphClockCmd), (24 bytes).
    Removing stm32f4xx_rcc.o(i.RCC_AHB2PeriphClockLPModeCmd), (24 bytes).
    Removing stm32f4xx_rcc.o(i.RCC_AHB2PeriphResetCmd), (24 bytes).
    Removing stm32f4xx_rcc.o(i.RCC_AHB3PeriphClockCmd), (24 bytes).
    Removing stm32f4xx_rcc.o(i.RCC_AHB3PeriphClockLPModeCmd), (24 bytes).
    Removing stm32f4xx_rcc.o(i.RCC_AHB3PeriphResetCmd), (24 bytes).
    Removing stm32f4xx_rcc.o(i.RCC_APB1PeriphClockCmd), (24 bytes).
    Removing stm32f4xx_rcc.o(i.RCC_APB1PeriphClockLPModeCmd), (24 bytes).
    Removing stm32f4xx_rcc.o(i.RCC_APB1PeriphResetCmd), (24 bytes).
    Removing stm32f4xx_rcc.o(i.RCC_APB2PeriphClockCmd), (24 bytes).
    Removing stm32f4xx_rcc.o(i.RCC_APB2PeriphClockLPModeCmd), (24 bytes).
    Removing stm32f4xx_rcc.o(i.RCC_APB2PeriphResetCmd), (24 bytes).
    Removing stm32f4xx_rcc.o(i.RCC_AdjustHSICalibrationValue), (20 bytes).
    Removing stm32f4xx_rcc.o(i.RCC_BackupResetCmd), (12 bytes).
    Removing stm32f4xx_rcc.o(i.RCC_ClearFlag), (16 bytes).
    Removing stm32f4xx_rcc.o(i.RCC_ClearITPendingBit), (12 bytes).
    Removing stm32f4xx_rcc.o(i.RCC_ClockSecuritySystemCmd), (12 bytes).
    Removing stm32f4xx_rcc.o(i.RCC_DeInit), (84 bytes).
    Removing stm32f4xx_rcc.o(i.RCC_GetClocksFreq), (144 bytes).
    Removing stm32f4xx_rcc.o(i.RCC_GetFlagStatus), (52 bytes).
    Removing stm32f4xx_rcc.o(i.RCC_GetITStatus), (20 bytes).
    Removing stm32f4xx_rcc.o(i.RCC_GetSYSCLKSource), (16 bytes).
    Removing stm32f4xx_rcc.o(i.RCC_HCLKConfig), (20 bytes).
    Removing stm32f4xx_rcc.o(i.RCC_HSEConfig), (16 bytes).
    Removing stm32f4xx_rcc.o(i.RCC_HSICmd), (12 bytes).
    Removing stm32f4xx_rcc.o(i.RCC_I2SCLKConfig), (12 bytes).
    Removing stm32f4xx_rcc.o(i.RCC_ITConfig), (24 bytes).
    Removing stm32f4xx_rcc.o(i.RCC_LSEConfig), (28 bytes).
    Removing stm32f4xx_rcc.o(i.RCC_LSEModeConfig), (28 bytes).
    Removing stm32f4xx_rcc.o(i.RCC_LSICmd), (12 bytes).
    Removing stm32f4xx_rcc.o(i.RCC_LTDCCLKDivConfig), (20 bytes).
    Removing stm32f4xx_rcc.o(i.RCC_MCO1Config), (20 bytes).
    Removing stm32f4xx_rcc.o(i.RCC_MCO2Config), (20 bytes).
    Removing stm32f4xx_rcc.o(i.RCC_PCLK1Config), (20 bytes).
    Removing stm32f4xx_rcc.o(i.RCC_PCLK2Config), (20 bytes).
    Removing stm32f4xx_rcc.o(i.RCC_PLLCmd), (12 bytes).
    Removing stm32f4xx_rcc.o(i.RCC_PLLConfig), (40 bytes).
    Removing stm32f4xx_rcc.o(i.RCC_PLLI2SCmd), (12 bytes).
    Removing stm32f4xx_rcc.o(i.RCC_PLLI2SConfig), (16 bytes).
    Removing stm32f4xx_rcc.o(i.RCC_PLLSAICmd), (12 bytes).
    Removing stm32f4xx_rcc.o(i.RCC_PLLSAIConfig), (20 bytes).
    Removing stm32f4xx_rcc.o(i.RCC_RTCCLKCmd), (12 bytes).
    Removing stm32f4xx_rcc.o(i.RCC_RTCCLKConfig), (48 bytes).
    Removing stm32f4xx_rcc.o(i.RCC_SAIBlockACLKConfig), (20 bytes).
    Removing stm32f4xx_rcc.o(i.RCC_SAIBlockBCLKConfig), (20 bytes).
    Removing stm32f4xx_rcc.o(i.RCC_SAIPLLI2SClkDivConfig), (20 bytes).
    Removing stm32f4xx_rcc.o(i.RCC_SAIPLLSAIClkDivConfig), (28 bytes).
    Removing stm32f4xx_rcc.o(i.RCC_SYSCLKConfig), (20 bytes).
    Removing stm32f4xx_rcc.o(i.RCC_TIMCLKPresConfig), (12 bytes).
    Removing stm32f4xx_rcc.o(i.RCC_WaitForHSEStartUp), (44 bytes).
    Removing stm32f4xx_rcc.o(.data), (16 bytes).
    Removing startup_stm32f40_41xxx.o(HEAP), (512 bytes).
    Removing tm_stm32f4_pcd8544.o(.rev16_text), (4 bytes).
    Removing tm_stm32f4_pcd8544.o(.revsh_text), (4 bytes).
    Removing tm_stm32f4_pcd8544.o(.rrx_text), (6 bytes).
    Removing tm_stm32f4_pcd8544.o(i.PCD8544_Clear), (56 bytes).
    Removing tm_stm32f4_pcd8544.o(i.PCD8544_Delay), (16 bytes).
    Removing tm_stm32f4_pcd8544.o(i.PCD8544_DrawCircle), (268 bytes).
    Removing tm_stm32f4_pcd8544.o(i.PCD8544_DrawFilledCircle), (256 bytes).
    Removing tm_stm32f4_pcd8544.o(i.PCD8544_DrawFilledRectangle), (42 bytes).
    Removing tm_stm32f4_pcd8544.o(i.PCD8544_DrawLine), (216 bytes).
    Removing tm_stm32f4_pcd8544.o(i.PCD8544_DrawPixel), (72 bytes).
    Removing tm_stm32f4_pcd8544.o(i.PCD8544_DrawRectangle), (68 bytes).
    Removing tm_stm32f4_pcd8544.o(i.PCD8544_GotoXY), (12 bytes).
    Removing tm_stm32f4_pcd8544.o(i.PCD8544_Home), (22 bytes).
    Removing tm_stm32f4_pcd8544.o(i.PCD8544_Init), (100 bytes).
    Removing tm_stm32f4_pcd8544.o(i.PCD8544_InitIO), (104 bytes).
    Removing tm_stm32f4_pcd8544.o(i.PCD8544_Invert), (16 bytes).
    Removing tm_stm32f4_pcd8544.o(i.PCD8544_Pin), (40 bytes).
    Removing tm_stm32f4_pcd8544.o(i.PCD8544_Putc), (228 bytes).
    Removing tm_stm32f4_pcd8544.o(i.PCD8544_Puts), (28 bytes).
    Removing tm_stm32f4_pcd8544.o(i.PCD8544_Refresh), (124 bytes).
    Removing tm_stm32f4_pcd8544.o(i.PCD8544_SetContrast), (40 bytes).
    Removing tm_stm32f4_pcd8544.o(i.PCD8544_UpdateArea), (44 bytes).
    Removing tm_stm32f4_pcd8544.o(i.PCD8544_Write), (32 bytes).
    Removing tm_stm32f4_pcd8544.o(i.PCD8544_send), (76 bytes).
    Removing tm_stm32f4_pcd8544.o(.bss), (504 bytes).
    Removing tm_stm32f4_pcd8544.o(.constdata), (900 bytes).
    Removing tm_stm32f4_pcd8544.o(.data), (6 bytes).
    Removing diskio.o(.rev16_text), (4 bytes).
    Removing diskio.o(.revsh_text), (4 bytes).
    Removing diskio.o(.rrx_text), (6 bytes).
    Removing diskio.o(i.TM_FATFS_AddDriver), (48 bytes).
    Removing diskio.o(i.TM_FATFS_SDRAM_disk_initialize), (4 bytes).
    Removing diskio.o(i.TM_FATFS_SDRAM_disk_ioctl), (4 bytes).
    Removing diskio.o(i.TM_FATFS_SDRAM_disk_read), (4 bytes).
    Removing diskio.o(i.TM_FATFS_SDRAM_disk_status), (4 bytes).
    Removing diskio.o(i.TM_FATFS_SDRAM_disk_write), (4 bytes).
    Removing diskio.o(i.TM_FATFS_SD_SDIO_disk_initialize), (4 bytes).
    Removing diskio.o(i.TM_FATFS_SD_SDIO_disk_ioctl), (4 bytes).
    Removing diskio.o(i.TM_FATFS_SD_SDIO_disk_read), (4 bytes).
    Removing diskio.o(i.TM_FATFS_SD_SDIO_disk_status), (4 bytes).
    Removing diskio.o(i.TM_FATFS_SD_SDIO_disk_write), (4 bytes).
    Removing diskio.o(i.TM_FATFS_SD_disk_initialize), (4 bytes).
    Removing diskio.o(i.TM_FATFS_SD_disk_ioctl), (4 bytes).
    Removing diskio.o(i.TM_FATFS_SD_disk_read), (4 bytes).
    Removing diskio.o(i.TM_FATFS_SD_disk_status), (4 bytes).
    Removing diskio.o(i.TM_FATFS_SD_disk_write), (4 bytes).
    Removing diskio.o(i.TM_FATFS_SPI_FLASH_disk_initialize), (4 bytes).
    Removing diskio.o(i.TM_FATFS_SPI_FLASH_disk_ioctl), (4 bytes).
    Removing diskio.o(i.TM_FATFS_SPI_FLASH_disk_read), (4 bytes).
    Removing diskio.o(i.TM_FATFS_SPI_FLASH_disk_status), (4 bytes).
    Removing diskio.o(i.TM_FATFS_SPI_FLASH_disk_write), (4 bytes).
    Removing diskio.o(i.TM_FATFS_USB_disk_initialize), (4 bytes).
    Removing diskio.o(i.TM_FATFS_USB_disk_ioctl), (4 bytes).
    Removing diskio.o(i.TM_FATFS_USB_disk_read), (4 bytes).
    Removing diskio.o(i.TM_FATFS_USB_disk_status), (4 bytes).
    Removing diskio.o(i.TM_FATFS_USB_disk_write), (4 bytes).
    Removing diskio.o(i.disk_initialize), (24 bytes).
    Removing diskio.o(i.disk_ioctl), (36 bytes).
    Removing diskio.o(i.disk_read), (44 bytes).
    Removing diskio.o(i.disk_status), (24 bytes).
    Removing diskio.o(i.disk_write), (44 bytes).
    Removing diskio.o(i.get_fattime), (8 bytes).
    Removing diskio.o(.data), (180 bytes).
    Removing ff.o(i.check_fs), (92 bytes).
    Removing ff.o(i.chk_chr), (16 bytes).
    Removing ff.o(i.chk_lock), (100 bytes).
    Removing ff.o(i.clear_lock), (36 bytes).
    Removing ff.o(i.clust2sect), (24 bytes).
    Removing ff.o(i.cmp_lfn), (120 bytes).
    Removing ff.o(i.create_chain), (158 bytes).
    Removing ff.o(i.create_name), (576 bytes).
    Removing ff.o(i.dec_lock), (60 bytes).
    Removing ff.o(i.dir_alloc), (66 bytes).
    Removing ff.o(i.dir_find), (196 bytes).
    Removing ff.o(i.dir_next), (230 bytes).
    Removing ff.o(i.dir_read), (252 bytes).
    Removing ff.o(i.dir_register), (376 bytes).
    Removing ff.o(i.dir_remove), (98 bytes).
    Removing ff.o(i.dir_sdi), (126 bytes).
    Removing ff.o(i.f_chdir), (100 bytes).
    Removing ff.o(i.f_chdrive), (28 bytes).
    Removing ff.o(i.f_chmod), (114 bytes).
    Removing ff.o(i.f_close), (38 bytes).
    Removing ff.o(i.f_closedir), (32 bytes).
    Removing ff.o(i.f_findfirst), (32 bytes).
    Removing ff.o(i.f_findnext), (68 bytes).
    Removing ff.o(i.f_getcwd), (308 bytes).
    Removing ff.o(i.f_getfree), (192 bytes).
    Removing ff.o(i.f_getlabel), (146 bytes).
    Removing ff.o(i.f_gets), (72 bytes).
    Removing ff.o(i.f_lseek), (302 bytes).
    Removing ff.o(i.f_mkdir), (386 bytes).
    Removing ff.o(i.f_mkfs), (1342 bytes).
    Removing ff.o(i.f_mount), (88 bytes).
    Removing ff.o(i.f_open), (452 bytes).
    Removing ff.o(i.f_opendir), (154 bytes).
    Removing ff.o(i.f_printf), (490 bytes).
    Removing ff.o(i.f_putc), (60 bytes).
    Removing ff.o(i.f_puts), (70 bytes).
    Removing ff.o(i.f_read), (330 bytes).
    Removing ff.o(i.f_readdir), (116 bytes).
    Removing ff.o(i.f_rename), (294 bytes).
    Removing ff.o(i.f_setlabel), (340 bytes).
    Removing ff.o(i.f_stat), (86 bytes).
    Removing ff.o(i.f_sync), (152 bytes).
    Removing ff.o(i.f_truncate), (176 bytes).
    Removing ff.o(i.f_unlink), (206 bytes).
    Removing ff.o(i.f_utime), (118 bytes).
    Removing ff.o(i.f_write), (382 bytes).
    Removing ff.o(i.find_volume), (584 bytes).
    Removing ff.o(i.follow_path), (126 bytes).
    Removing ff.o(i.gen_numname), (128 bytes).
    Removing ff.o(i.get_achar), (40 bytes).
    Removing ff.o(i.get_fat), (190 bytes).
    Removing ff.o(i.get_fileinfo), (186 bytes).
    Removing ff.o(i.get_ldnumber), (148 bytes).
    Removing ff.o(i.inc_lock), (152 bytes).
    Removing ff.o(i.ld_clust), (18 bytes).
    Removing ff.o(i.mem_cpy), (18 bytes).
    Removing ff.o(i.mem_set), (14 bytes).
    Removing ff.o(i.move_window), (50 bytes).
    Removing ff.o(i.pattern_matching), (144 bytes).
    Removing ff.o(i.put_fat), (244 bytes).
    Removing ff.o(i.putc_bfd), (70 bytes).
    Removing ff.o(i.remove_chain), (98 bytes).
    Removing ff.o(i.st_clust), (16 bytes).
    Removing ff.o(i.sum_sfn), (26 bytes).
    Removing ff.o(i.sync_fs), (176 bytes).
    Removing ff.o(i.sync_window), (82 bytes).
    Removing ff.o(i.validate), (34 bytes).
    Removing ff.o(.bss), (156 bytes).
    Removing ff.o(.constdata), (224 bytes).
    Removing ff.o(.conststring), (70 bytes).
    Removing ff.o(.data), (4 bytes).

218 unused section(s) (total 18458 bytes) removed from the image.
